open firefox
send m sop leder
wpn 5x
wpn 5x
wpn 5x
except for zombie gun
wpn google
70m
open firefox
open google
explin bout python
open

give me word send it with te
nd you touch pp pp touch
i dont know i dont know
so thts something thts
explin python
who creted it
who re creted by m
so lets not leve her
remember my bike is due quntified
wht is my bike
remember my bike use duke
wht is my bike
sure mmdi
open google
remember my bike nme is du
remember my bike
remember my bike is
remember my bike is duke
wht is my bike
wht is my bike nme
open terminl
you do
open youtube
explin python
who creted python
wht is python
remember my bike is duke 125
wht is my bike
open firefox
wht is python
who creted it
remember my bike nme is duke 125
tke photo
i m redy to tke photo
open cmer
open cmer
tke photo
take photo
thank you
remember my name is
remember my name
remember my name is vasanth
what is my name
remember name is
remember name is vasan
what is my name
